Mallard_Anas wyvilliana,Elegant_Trogon,Blue-throated_Motmot,Mountain_Trogon,Allen's_Hummingbird,Short-billed_Pigeon,Sunbittern_Grus canadensis,Palila_Rhodacanthis flaviceps,Pallas's_Bunting,Five-striped_Sparrow,Five-striped_Sparrow,Common_Tody-flycatcher,Guadalupe_Storm-petrel,Wedge-rumped_Storm-petrel,Short-crested_Coquette,Stripe-tailed_Hummingbird,Beautiful_Hummingbird,Amethyst-throated_Hummingbird,White-tailed_Hummingbird,Lesser_Swallow-tailed Swift,American_Black Swift,Thick-billed_Parrot,Green_Kingfisher,Blue-throated_Motmot,Bufflehead_Mergellus albellus,Spotted_Wood-quail,Alder Flycatcher,Alder Flycatcher,Alder Flycatcher,Alder Flycatcher,Alder Flycatcher,Alder Flycatcher,Alder Flycatcher,Alder Flycatcher,Audubon's Shearwater,Audubon's Shearwater,Audubon's Shearwater,Aztec Thrush,Azure Gallinule,